// Jest Snapshot v1, https://goo.gl/fbAQLP

exports[`match snapshot 1`] = `
@media (min-width:992px) {

}

@media (min-width:992px) {

}

@media (min-width:992px) {

}

@media (min-width:992px) {

}

@media (min-width:992px) {

}

@media (min-width:992px) {

}

<head>
  <style
    data-styled="active"
    data-styled-version="5.2.1"
  >
    html{font-family:'Poppins',sans-serif;font-weight:300;font-size:100%;color:#212121;box-sizing:border-box;}
    *,*:before,*:after{box-sizing:inherit;}
    body{margin:0;}
    h1,h2,h3,h4,h5,h6{line-height:1.3;font-weight:700;-webkit-letter-spacing:2px;-moz-letter-spacing:2px;-ms-letter-spacing:2px;letter-spacing:2px;}
    h1 strong,h2 strong,h3 strong,h4 strong,h5 strong,h6 strong{color:#ffc107;}
    h1{font-size:2.5rem;}
    @media (min-width:992px){h1{font-size:3.75rem;}}
    h2{font-size:2rem;}
    @media (min-width:992px){h2{font-size:3.125rem;}}
    h3{font-size:1.9rem;}
    @media (min-width:992px){h3{font-size:2.5rem;}}
    h4{font-size:1.3rem;font-weight:600;}
    @media (min-width:992px){h4{font-size:2.125rem;}}
    h5{font-size:1.2rem;font-weight:300;}
    @media (min-width:992px){h5{font-size:1.5rem;}}
    h6{font-size:1.1rem;font-weight:600;}
    @media (min-width:992px){h6{font-size:1.25rem;}}
  </style>
</head>
`;
